// Vitest Snapshot v1, https://vitest.dev/guide/snapshot.html

exports[`Component: FilterProperties > Snapshot > Default 1`] = `
<DocumentFragment>
  <div
    class="flex flex-col gap-2 px-4"
  >
    <h3
      class="font-montserrat text-sm font-semibold"
    >
      Filter
    </h3>
    <section
      style="display: flex; position: relative; text-align: initial; width: 100%; height: 100%;"
    >
      <div
        style="display: flex; height: 100%; width: 100%; justify-content: center; align-items: center;"
      >
        Loading...
      </div>
      <div
        class="min-h-16"
        style="width: 100%; display: none;"
      />
    </section>
  </div>
</DocumentFragment>
`;
