// Vitest Snapshot v1, https://vitest.dev/guide/snapshot.html

exports[`Component: MapPanel > Snapshot > Default 1`] = `
<DocumentFragment>
  <div
    style="position: relative; width: 100%; height: 500px;"
  />
  <span
    hidden=""
    id="__chakra_env"
  />
</DocumentFragment>
`;
