// Vitest Snapshot v1, https://vitest.dev/guide/snapshot.html

exports[`Component: ZoomLevelControlButton > Snapshot > Default 1`] = `
<DocumentFragment>
  <button
    class="size-7 cursor-pointer rounded-lg border border-gray-300 bg-white p-1 transition-colors hover:bg-gray-100 active:bg-gray-300 disabled:cursor-default disabled:bg-white disabled:text-gray-300"
    type="button"
  />
</DocumentFragment>
`;
