// Vitest Snapshot v1, https://vitest.dev/guide/snapshot.html

exports[`Component: ColorArea > Snapshot > Default 1`] = `
<DocumentFragment>
  <div
    class="aspect-square w-full"
    id="react-aria-:r2:"
    role="group"
    style="position: relative; touch-action: none; background-blend-mode: screen;"
  >
    <div
      class="h-3 w-3"
      role="presentation"
      style="position: absolute; left: 100%; top: 0%; transform: translate(-50%, -50%); touch-action: none; background: rgba(255, 255, 255, 1); border: 2px solid white; border-radius: 50%; box-shadow: 0 0 0 1px rgba(0,0,0,0.25), inset 0 0 0 1px rgba(0,0,0,0.25); box-sizing: border-box;"
    >
      <input
        aria-label="Color picker"
        aria-orientation="horizontal"
        aria-roledescription="2D slider"
        aria-valuetext="Red: 255, Green: 255, Blue: 255, white"
        id="react-aria-:r0:"
        max="255"
        min="0"
        step="1"
        style="border: 0px; clip-path: inset(50%); height: 100%; margin: -1px; overflow: hidden; padding: 0px; position: absolute; width: 100%; white-space: nowrap; opacity: 0.0001; pointer-events: none;"
        type="range"
        value="255"
      />
      <input
        aria-hidden="true"
        aria-label="Color picker"
        aria-orientation="vertical"
        aria-roledescription="2D slider"
        aria-valuetext="Green: 255, Red: 255, Blue: 255, white"
        id="react-aria-:r1:"
        max="255"
        min="0"
        step="1"
        style="border: 0px; clip-path: inset(50%); height: 100%; margin: -1px; overflow: hidden; padding: 0px; position: absolute; width: 100%; white-space: nowrap; opacity: 0.0001; pointer-events: none;"
        tabindex="-1"
        type="range"
        value="255"
      />
    </div>
  </div>
</DocumentFragment>
`;
