// Vitest Snapshot v1, https://vitest.dev/guide/snapshot.html

exports[`Component: EyeDropperButton > Snapshot > Default 1`] = `<DocumentFragment />`;
