// Vitest Snapshot v1, https://vitest.dev/guide/snapshot.html

exports[`Component: ThemeInjector > Snapshot > NothingRenderCheck 1`] = `<DocumentFragment />`;
