// Vitest Snapshot v1, https://vitest.dev/guide/snapshot.html

exports[`Component: Button > Snapshot > Default 1`] = `
<DocumentFragment>
  <button
    class=""
    type="button"
  >
    Button
  </button>
</DocumentFragment>
`;
