// Vitest Snapshot v1, https://vitest.dev/guide/snapshot.html

exports[`Component: PropertiesPanel > Snapshot > Default 1`] = `
<DocumentFragment>
  <div>
    Properties
  </div>
  <span
    hidden=""
    id="__chakra_env"
  />
</DocumentFragment>
`;
