// Vitest Snapshot v1, https://vitest.dev/guide/snapshot.html

exports[`Component: MonacoEditor > Snapshot > Default 1`] = `
<DocumentFragment>
  <section
    style="display: flex; position: relative; text-align: initial; width: 100%; height: 100%;"
  >
    <div
      style="display: flex; height: 100%; width: 100%; justify-content: center; align-items: center;"
    >
      Loading...
    </div>
    <div
      style="width: 100%; display: none;"
    />
  </section>
</DocumentFragment>
`;
