// Vitest Snapshot v1, https://vitest.dev/guide/snapshot.html

exports[`Component: HillshadeLayerPropertiesPanel > Snapshot > Default 1`] = `
<DocumentFragment>
  <div />
</DocumentFragment>
`;
